// Jest Snapshot v1, https://goo.gl/fbAQLP

exports[`IntroCard Page should render IntroCard page as expected 1`] = `
<Fragment>
  <section>
    <div
      className="w-fit ml-auto mr-auto"
    >
      <Component />
      <h3
        className="text-lg text-center"
      >
        Dear visitor, I'm 
        <span
          className="text-pink-500 underline cursor-pointer"
          onClick={[Function]}
        >
          Tracy.
        </span>
         ðŸ˜Š
      </h3>
      <p
        className="mt-2"
      >
        My Portfolio Website is coming soon. 
      </p>
    </div>
  </section>
</Fragment>
`;
