// Jest Snapshot v1, https://goo.gl/fbAQLP

exports[`Home Page should render Home page as expected 1`] = `
<main
  className="w-screen h-screen overflow-hidden flex bg-orange-100"
>
  <div
    className="w-fit h-48 self-center ml-auto mr-auto container"
  >
    <h3
      className="text-lg text-center"
    >
      Dear visitor, I'm 
      <span
        className="text-pink-500 underline cursor-pointer"
        onClick={[Function]}
      >
        Tracy.
      </span>
       ðŸ˜Š
    </h3>
    <p
      className="mt-2"
    >
      My Portfolio Website is coming soon. 
    </p>
  </div>
</main>
`;
